// Jest Snapshot v1, https://goo.gl/fbAQLP

exports[`Test Checkbox Component 1`] = `ShallowWrapper {}`;
