// Jest Snapshot v1, https://goo.gl/fbAQLP

exports[`Test MyTimePicker Component 1`] = `ShallowWrapper {}`;
