// Jest Snapshot v1, https://goo.gl/fbAQLP

exports[`Testing add form task testing inputfield 1`] = `ShallowWrapper {}`;
