// Jest Snapshot v1, https://goo.gl/fbAQLP

exports[`Testing the datepicker  Render the date picker 1`] = `ShallowWrapper {}`;
