// Jest Snapshot v1, https://goo.gl/fbAQLP

exports[`Login component Matches the snapshot 1`] = `
<div>
  <form
    className="makeStyles-form-1"
  >
    <br />
    <div
      className="MuiFormControl-root makeStyles-textField-9 MuiFormControl-fullWidth"
    >
      <p
        className="MuiTypography-root makeStyles-label-8 MuiTypography-body1"
        data-testid="emailLabel"
      >
        Email
      </p>
      <div
        className="MuiFormControl-root MuiTextField-root MuiFormControl-fullWidth"
      >
        <div
          className="MuiInputBase-root MuiInput-root MuiInput-underline MuiInputBase-fullWidth MuiInput-fullWidth MuiInputBase-formControl MuiInput-formControl"
          onClick={[Function]}
        >
          <input
            aria-invalid={false}
            autoFocus={false}
            className="MuiInputBase-input MuiInput-input"
            data-testid="email"
            disabled={false}
            onAnimationStart={[Function]}
            onBlur={[Function]}
            onChange={[Function]}
            onFocus={[Function]}
            placeholder="Enter email"
            required={true}
            type="text"
            value=""
          />
        </div>
      </div>
    </div>
    <div
      className="MuiFormControl-root makeStyles-textField-11 MuiFormControl-fullWidth"
    >
      <p
        className="MuiTypography-root makeStyles-label-10 MuiTypography-body1"
        data-testid="passwordLabel"
      >
        Password
      </p>
      <div
        className="MuiInputBase-root MuiInput-root MuiInput-underline MuiInputBase-formControl MuiInput-formControl MuiInputBase-adornedEnd"
        onClick={[Function]}
        required={true}
      >
        <input
          aria-invalid={false}
          className="MuiInputBase-input MuiInput-input MuiInputBase-inputAdornedEnd"
          data-testid="password"
          disabled={false}
          onAnimationStart={[Function]}
          onBlur={[Function]}
          onChange={[Function]}
          onFocus={[Function]}
          placeholder="Enter password"
          required={true}
          type="password"
          value=""
        />
        <button
          className="MuiButtonBase-root MuiIconButton-root"
          disabled={false}
          onBlur={[Function]}
          onClick={[Function]}
          onDragLeave={[Function]}
          onFocus={[Function]}
          onKeyDown={[Function]}
          onKeyUp={[Function]}
          onMouseDown={[Function]}
          onMouseLeave={[Function]}
          onMouseUp={[Function]}
          onTouchEnd={[Function]}
          onTouchMove={[Function]}
          onTouchStart={[Function]}
          style={
            Object {
              "padding": "0px",
            }
          }
          tabIndex={0}
          type="button"
        >
          <span
            className="MuiIconButton-label"
          >
            <svg
              aria-hidden={true}
              className="MuiSvgIcon-root"
              focusable="false"
              viewBox="0 0 24 24"
            >
              <path
                d="M12 7c2.76 0 5 2.24 5 5 0 .65-.13 1.26-.36 1.83l2.92 2.92c1.51-1.26 2.7-2.89 3.43-4.75-1.73-4.39-6-7.5-11-7.5-1.4 0-2.74.25-3.98.7l2.16 2.16C10.74 7.13 11.35 7 12 7zM2 4.27l2.28 2.28.46.46C3.08 8.3 1.78 10.02 1 12c1.73 4.39 6 7.5 11 7.5 1.55 0 3.03-.3 4.38-.84l.42.42L19.73 22 21 20.73 3.27 3 2 4.27zM7.53 9.8l1.55 1.55c-.05.21-.08.43-.08.65 0 1.66 1.34 3 3 3 .22 0 .44-.03.65-.08l1.55 1.55c-.67.33-1.41.53-2.2.53-2.76 0-5-2.24-5-5 0-.79.2-1.53.53-2.2zm4.31-.78l3.15 3.15.02-.16c0-1.66-1.34-3-3-3l-.17.01z"
              />
            </svg>
          </span>
        </button>
      </div>
    </div>
    <div>
      <span
        className="MuiTypography-root makeStyles-error-7 MuiTypography-caption MuiTypography-colorError"
      >
        
      </span>
    </div>
    <button
      className="MuiButtonBase-root MuiButton-root MuiButton-contained makeStyles-button-12 MuiButton-containedPrimary MuiButton-fullWidth"
      disabled={false}
      id="button"
      onBlur={[Function]}
      onClick={[Function]}
      onDragLeave={[Function]}
      onFocus={[Function]}
      onKeyDown={[Function]}
      onKeyUp={[Function]}
      onMouseDown={[Function]}
      onMouseLeave={[Function]}
      onMouseUp={[Function]}
      onTouchEnd={[Function]}
      onTouchMove={[Function]}
      onTouchStart={[Function]}
      tabIndex={0}
      type="button"
    >
      <span
        className="MuiButton-label"
      >
        Sign In
      </span>
    </button>
    <p
      className="MuiTypography-root MuiTypography-body1"
    >
      <a
        className="makeStyles-forgot-2"
        data-testid="forgot"
        href="/forgotPassword"
        onClick={[Function]}
      >
        Forgot password?
      </a>
    </p>
    <div
      className="makeStyles-checkbox-4"
    >
      <span
        aria-disabled={false}
        className="MuiButtonBase-root MuiIconButton-root PrivateSwitchBase-root-13 MuiCheckbox-root MuiCheckbox-colorSecondary MuiIconButton-colorSecondary"
        onBlur={[Function]}
        onDragLeave={[Function]}
        onFocus={[Function]}
        onKeyDown={[Function]}
        onKeyUp={[Function]}
        onMouseDown={[Function]}
        onMouseLeave={[Function]}
        onMouseUp={[Function]}
        onTouchEnd={[Function]}
        onTouchMove={[Function]}
        onTouchStart={[Function]}
        tabIndex={null}
      >
        <span
          className="MuiIconButton-label"
        >
          <input
            className="PrivateSwitchBase-input-16"
            data-indeterminate={false}
            onChange={[Function]}
            type="checkbox"
          />
          <svg
            aria-hidden={true}
            className="MuiSvgIcon-root"
            focusable="false"
            viewBox="0 0 24 24"
          >
            <path
              d="M19 5v14H5V5h14m0-2H5c-1.1 0-2 .9-2 2v14c0 1.1.9 2 2 2h14c1.1 0 2-.9 2-2V5c0-1.1-.9-2-2-2z"
            />
          </svg>
        </span>
      </span>
    </div>
    <h5
      className="MuiTypography-root makeStyles-keepMeLoggedIn-3 MuiTypography-h5"
      data-testid="keepMeLoggedIn"
    >
      Keep me logged in
    </h5>
    <hr
      className="makeStyles-styleTwo-6"
    />
    <p
      className="MuiTypography-root makeStyles-footer-5 MuiTypography-body1"
    >
      Don't have an account? 
      <a
        data-testid="signupLink"
        href="/signUp1"
        id="signupLink"
        onClick={[Function]}
      >
        Sign up
      </a>
    </p>
  </form>
</div>
`;
