// Jest Snapshot v1, https://goo.gl/fbAQLP

exports[`Tagline component Matches the snapshot 1`] = `
<div
  className="MuiGrid-root MuiGrid-item"
>
  <h1
    className="MuiTypography-root makeStyles-remember-1 MuiTypography-h1"
    data-testid="taglineText"
  >
    Remember everything that matters
  </h1>
</div>
`;
