// Jest Snapshot v1, https://goo.gl/fbAQLP

exports[`Testing the task component Test the checkbox Component in task Component 1`] = `ShallowWrapper {}`;
