// Jest Snapshot v1, https://goo.gl/fbAQLP

exports[`Routing component testing Matches the snapshot 1`] = `null`;
